// Jest Snapshot v1, https://goo.gl/fbAQLP

exports[`should render the Home component 1`] = `
<div>
  <form>
    <label>
      Email
      <input
        type="email"
        value=""
      />
    </label>
    <label>
      Password
      <input
        type="password"
        value=""
      />
    </label>
    <button
      type="submit"
    />
  </form>
</div>
`;
